#-----------------------------------------------------------
# Vivado v2024.2 (64-bit)
# SW Build 5239630 on Fri Nov 08 22:35:27 MST 2024
# IP Build 5239520 on Sun Nov 10 16:12:51 MST 2024
# SharedData Build 5239561 on Fri Nov 08 14:39:27 MST 2024
# Start of session at: Tue Apr  8 13:20:13 2025
# Process ID         : 4636
# Current directory  : C:/Users/031_svalderramaf/practica-3/practica-3.runs/impl_1
# Command line       : vivado.exe -log redundancia.vdi -applog -product Vivado -messageDb vivado.pb -mode batch -source redundancia.tcl -notrace
# Log file           : C:/Users/031_svalderramaf/practica-3/practica-3.runs/impl_1/redundancia.vdi
# Journal file       : C:/Users/031_svalderramaf/practica-3/practica-3.runs/impl_1\vivado.jou
# Running On         : AB031IND013
# Platform           : Windows Server 2016 or Windows 10
# Operating System   : 19045
# Processor Detail   : Intel(R) Xeon(R) Gold 6338N CPU @ 2.20GHz
# CPU Frequency      : 2195 MHz
# CPU Physical cores : 4
# CPU Logical cores  : 4
# Host memory        : 17179 MB
# Swap memory        : 1073 MB
# Total Virtual      : 18253 MB
# Available Virtual  : 9966 MB
#-----------------------------------------------------------
source redundancia.tcl -notrace
